<?xml version="1.0" encoding="UTF-8"?>
<testsuites name="jest tests" tests="1" failures="0" errors="0" time="1.707">
  <testsuite name="AppComponent" errors="0" failures="0" skipped="0" timestamp="2025-02-08T04:09:32" time="1.221" tests="1">
    <testcase classname="AppComponent should create the app" name="AppComponent should create the app" time="0.063">
    </testcase>
  </testsuite>
</testsuites>